<html>
<body>
<pre>
<h1>µVision Build Log</h1>
<h2>Project:</h2>
C:\sandbox\ee445l\EE445L-Lab1\Lab1.uvproj
Project File Date:  08/30/2016

<h2>Output:</h2>
Rebuild target 'Lab1'
assembling startup.s...
compiling PLL.c...
compiling ST7735.c...
ST7735.h(460): warning:  #1-D: last line of file ends without a newline
  #endif
ST7735.c: 1 warning, 0 errors
compiling ST7735TestMain.c...
ST7735.h(460): warning:  #1-D: last line of file ends without a newline
  #endif
ST7735TestMain.c: 1 warning, 0 errors
compiling fixed.c...
ST7735.h(460): warning:  #1-D: last line of file ends without a newline
  #endif
fixed.c(73): warning:  #177-D: variable "sign" was declared but never referenced
        int32_t sign = SPACE; //ascii for space
fixed.c(120): warning:  #177-D: variable "j" was declared but never referenced
        uint32_t j; // main 1
fixed.c: 3 warnings, 0 errors
compiling main.c...
ST7735.h(460): warning:  #1-D: last line of file ends without a newline
  #endif
main.c: 1 warning, 0 errors
linking...
Program Size: Code=2904 RO-data=2060 RW-data=60 ZI-data=1028  
".\ST7735.axf" - 0 Error(s), 6 Warning(s).
Program Size: Code=2896 RO-data=2060 RW-data=60 ZI-data=1028  
".\ST7735.axf" - 0 Error(s), 7 Warning(s).

".\ST7735.axf" - 1 Error(s), 7 Warning(s).
Target not created
nings, 0 errors
linking...
Program Size: Code=3300 RO-data=2052 RW-data=44 ZI-data=1028  
".\ST7735.axf" - 0 Error(s), 8 Warning(s).
to list image symbols.
Finished: 1 information, 0 warning and 1 error messages.
".\ST7735.axf" - 1 Error(s), 8 Warning(s).
Target not created
