<html>
<body>
<pre>
<h1>µVision Build Log</h1>
<h2>Project:</h2>
C:\sandbox\ee445l\EE445L-Lab1\Lab1.uvproj
Project File Date:  08/30/2016

<h2>Output:</h2>
Rebuild target 'Lab1'
assembling startup.s...
compiling PLL.c...
compiling ST7735.c...
ST7735.h(460): warning:  #1-D: last line of file ends without a newline
  #endif
ST7735.c: 1 warning, 0 errors
compiling ST7735TestMain.c...
ST7735.h(460): warning:  #1-D: last line of file ends without a newline
  #endif
ST7735TestMain.c: 1 warning, 0 errors
compiling fixed.c...
ST7735.h(460): warning:  #1-D: last line of file ends without a newline
  #endif
fixed.c(98): warning:  #186-D: pointless comparison of unsigned integer with zero
        if(x >= 0 && x < MAX_PARAM_PART2){              
fixed.c(173): warning:  #177-D: variable "offset" was declared but never referenced
                int offset = 32; //offset for printing on LCD per Lab1 docs
fixed.c: 3 warnings, 0 errors
compiling main.c...
ST7735.h(460): warning:  #1-D: last line of file ends without a newline
  #endif
main.c(26): warning:  #68-D: integer conversion resulted in a change of sign
        ST7735_uBinOut8(-64);
main.c(15): warning:  #177-D: variable "a" was declared but never referenced
        int32_t a[1] = {0};
main.c(16): warning:  #177-D: variable "b" was declared but never referenced
        int32_t b[1] = {0};
main.c(18): warning:  #177-D: variable "k" was declared but never referenced
        int32_t k[7] = {15, 20, 25, 30, 25, 20, 15};
main.c(19): warning:  #177-D: variable "q" was declared but never referenced
        int32_t q[7] = {15, 20, 25, 30, 35, 40, 45};
main.c: 6 warnings, 0 errors
linking...
Program Size: Code=3028 RO-data=2108 RW-data=44 ZI-data=1028  
".\ST7735.axf" - 0 Error(s), 11 Warning(s).
